Windows PowerShell
Copyright (C) Microsoft Corporation. All rights reserved.

Try the new cross-platform PowerShell https://aka.ms/pscore6

PS C:\Users\noall\OneDrive\Documents\GitHub\gradient_nbs> & C:/Users/noall/AppData/Local/Microsoft/WindowsApps/python.exe c:/Users/noall/.vscode/extensions/ms-python.python-2020.5.86806/pythonFiles/pyvsc-run-isolated.py pip install -U pylint --user
Collecting pylint
  Downloading pylint-2.6.0-py3-none-any.whl (325 kB)
     |████████████████████████████████| 325 kB 3.3 MB/s 
Collecting isort<6,>=4.2.5
  Downloading isort-5.5.2-py3-none-any.whl (95 kB)
     |████████████████████████████████| 95 kB 2.2 MB/s 
Collecting mccabe<0.7,>=0.6
  Using cached mccabe-0.6.1-py2.py3-none-any.whl (8.6 kB)
  Downloading astroid-2.4.2-py3-none-any.whl (213 kB)
     |████████████████████████████████| 213 kB ... 
Collecting toml>=0.7.1
  Downloading toml-0.10.1-py2.py3-none-any.whl (19 kB)
Requirement already satisfied, skipping upgrade: colorama; sys_platform == "win32" in c:\users\noall\appdata\local\packages\pythonsoftwarefoundation.python.3.8_qbz5n2kfra8p0\localcache\local-packages\python38\site-packages (from pylint) (0.4.3)
Collecting lazy-object-proxy==1.4.*
  Downloading lazy_object_proxy-1.4.3-cp38-cp38-win_amd64.whl (21 kB)
Collecting wrapt~=1.11
Using legacy setup.py install for wrapt, since package 'wheel' is not installed.
Installing collected packages: isort, mccabe, lazy-object-proxy, wrapt, astroid, toml, pylint
che\local-packages\Python38\Scripts' which is not on PATH.
  Consider adding this directory to PATH or, if you prefer to suppress this warning, use --no-warn-script-location.
  WARNING: The scripts epylint.exe, pylint.exe, pyreverse.exe and symilar.exe are installed in 'C:\Users\noall\AppData\Local\Packages\PythonSoftwareFoundation.Python.3.8_qbz5n2kfra8p0\LocalCache\local-packages\Python38\Scripts' which is not on PATH.
  Consider adding this directory to PATH or, if you prefer to suppress this warning, use --no-warn-script-location.
WARNING: You are using pip version 20.1.1; however, version 20.2.3 is available.
You should consider upgrading via the 'C:\Users\noall\AppData\Local\Microsoft\WindowsApps\PythonSoftwareFoundation.Python.3.8_qbz5n2kfra8p0\python.exe -m pip install --upgrade pip' command.
On branch refactor
Untracked files:
  (use "git add <file>..." to include in what will be committed)
        git_tutorials/refactor.py

nothing added to commit but untracked files present (use "git add" to track)
PS C:\Users\noall\OneDrive\Documents\GitHub\gradient_nbs> git add -A
PS C:\Users\noall\OneDrive\Documents\GitHub\gradient_nbs> git commit -m "refactor"
[refactor 2516f67] refactor
 1 file changed, 2 insertions(+)
 create mode 100644 git_tutorials/refactor.py
PS C:\Users\noall\OneDrive\Documents\GitHub\gradient_nbs> git status
On branch refactor
nothing to commit, working tree clean
PS C:\Users\noall\OneDrive\Documents\GitHub\gradient_nbs> git commit -a -m "iterate"
[refactor 634c867] iterate
 1 file changed, 2 insertions(+), 1 deletion(-)
PS C:\Users\noall\OneDrive\Documents\GitHub\gradient_nbs> git log 2
fatal: ambiguous argument '2': unknown revision or path not in the working tree.
Use '--' to separate paths from revisions, like this:
'git <command> [<revision>...] -- [<file>...]'
PS C:\Users\noall\OneDrive\Documents\GitHub\gradient_nbs> git log --graph 2
Use '--' to separate paths from revisions, like this:
'git <command> [<revision>...] -- [<file>...]'
PS C:\Users\noall\OneDrive\Documents\GitHub\gradient_nbs> git log --graph --oneline
* 634c867 (HEAD -> refactor) iterate
* 2516f67 refactor
*   3ca0651 (origin/experimental, experimental) solved
|\
| *   b21913f Merge branch 'experimental' of https://github.com/noallynoclan/gradient_nbs into experimental
| |\
| * | 51e1e35 3 + 4
* | | b867439 3 + 5
| |/
|/|
* | 4cbe966 Merge branch 'experimental' of https://github.com/noallynoclan/gradient_nbs into experimental
|\|
| * be77b5c 3 + 3
* | 74c168c experimental message
|/
* f128596 experimental branch
* 723eda4 (origin/master, origin/HEAD, master) made some changes
* dc599ef added git commands to notebook
* a5b02f6 i dont know
* 81d8097 added first notebook
* d1c69c2 created first notebook
* 8ee3f74 Initial commit
PS C:\Users\noall\OneDrive\Documents\GitHub\gradient_nbs> git pull -u origin refactor
error: unknown switch `u'
usage: git pull [<options>] [<repository> [<refspec>...]]

    -v, --verbose         be more verbose
    -q, --quiet           be more quiet
    --progress            force progress reporting
    --recurse-submodules[=<on-demand>]
                          control for recursive fetching of submodules

Options related to merging
    -r, --rebase[=(false|true|merges|preserve|interactive)]
                          incorporate changes by rebasing rather than merging
    -n                    do not show a diffstat at the end of the merge
    --stat                show a diffstat at the end of the merge
    --log[=<n>]           add (at most <n>) entries from shortlog to merge commit message
    --signoff[=...]       add Signed-off-by:
    --squash              create a single commit instead of doing a merge
    --commit              perform a commit if the merge succeeds (default)
    --edit                edit message before committing
    --cleanup <mode>      how to strip spaces and #comments from message
    --ff                  allow fast-forward
    --ff-only             abort if fast-forward is not possible
    --verify-signatures   verify that the named commit has a valid GPG signature
    --autostash           automatically stash/stash pop before and after
    -s, --strategy <strategy>
                          merge strategy to use
    -X, --strategy-option <option=value>
                          option for selected merge strategy
    -S, --gpg-sign[=<key-id>]
                          GPG sign commit
    --allow-unrelated-histories
                          allow merging unrelated histories

Options related to fetching
    --all                 fetch from all remotes
    -a, --append          append to .git/FETCH_HEAD instead of overwriting
    -f, --force           force overwrite of local branch
    -t, --tags            fetch all tags and associated objects
    -p, --prune           prune remote-tracking branches no longer on remote
    -j, --jobs[=<n>]      number of submodules pulled in parallel
    --dry-run             dry run
    -k, --keep            keep downloaded pack
    --depth <depth>       deepen history of shallow clone
    --shallow-since <time>
                          deepen history of shallow repository based on time
    --shallow-exclude <revision>
                          deepen history of shallow clone, excluding rev
    --deepen <n>          deepen history of shallow clone
    --unshallow           convert to a complete repository
    --update-shallow      accept refs that update .git/shallow
    -o, --server-option <server-specific>
                          option to transmit
    -6, --ipv6            use IPv6 addresses only
    --negotiation-tip <revision>
                          report that we have only objects reachable from this object
    --show-forced-updates
                          check for forced-updates on all updated branches
    --set-upstream        set upstream for git pull/fetch

PS C:\Users\noall\OneDrive\Documents\GitHub\gradient_nbs> git push -u origin refactor
Counting objects: 100% (10/10), done.
Delta compression using up to 16 threads
Compressing objects: 100% (6/6), done.
Writing objects: 100% (8/8), 716 bytes | 716.00 KiB/s, done.
Total 8 (delta 2), reused 0 (delta 0), pack-reused 0
remote: Resolving deltas: 100% (2/2), completed with 1 local object.
remote:
remote: Create a pull request for 'refactor' on GitHub by visiting:
To https://github.com/noallynoclan/gradient_nbs.git
 * [new branch]      refactor -> refactor
Branch 'refactor' set up to track remote branch 'refactor' from 'origin'.
Switched to branch 'master'
Your branch is up to date with 'origin/master'.
PS C:\Users\noall\OneDrive\Documents\GitHub\gradient_nbs> git commit -a -m "changing master"
On branch master
Your branch is up to date with 'origin/master'.

Untracked files:
  (use "git add <file>..." to include in what will be committed)
        git_tutorials/master.py
nothing added to commit but untracked files present (use "git add" to track)
PS C:\Users\noall\OneDrive\Documents\GitHub\gradient_nbs> git status
Your branch is up to date with 'origin/master'.

Untracked files:
  (use "git add <file>..." to include in what will be committed)
        git_tutorials/master.py

nothing added to commit but untracked files present (use "git add" to track)
PS C:\Users\noall\OneDrive\Documents\GitHub\gradient_nbs> git add -A
[master c478523] changing master
 1 file changed, 1 insertion(+)
 create mode 100644 git_tutorials/master.py
PS C:\Users\noall\OneDrive\Documents\GitHub\gradient_nbs> git push
Enumerating objects: 6, done.
Counting objects: 100% (6/6), done.
Delta compression using up to 16 threads
Compressing objects: 100% (3/3), done.
Writing objects: 100% (4/4), 359 bytes | 359.00 KiB/s, done.
Total 4 (delta 1), reused 0 (delta 0), pack-reused 0
remote: Resolving deltas: 100% (1/1), completed with 1 local object.
To https://github.com/noallynoclan/gradient_nbs.git
   723eda4..c478523  master -> master
PS C:\Users\noall\OneDrive\Documents\GitHub\gradient_nbs> git checkout refactor
Switched to branch 'refactor'
Your branch is up to date with 'origin/refactor'.
PS C:\Users\noall\OneDrive\Documents\GitHub\gradient_nbs> git rebase master
error: could not apply 51e1e35... 3 + 4
Resolve all conflicts manually, mark them as resolved with
"git add/rm <conflicted_files>", then run "git rebase --continue".
Could not apply 51e1e35... 3 + 4
Auto-merging git_tutorials/git_tutorial.ipynb
CONFLICT (content): Merge conflict in git_tutorials/git_tutorial.ipynb
PS C:\Users\noall\OneDrive\Documents\GitHub\gradient_nbs> git status
interactive rebase in progress; onto c478523
Last commands done (5 commands done):
   pick b867439 3 + 5
   pick 51e1e35 3 + 4
  (see more in file .git/rebase-merge/done)
Next commands to do (2 remaining commands):
   pick 2516f67 refactor
   pick 634c867 iterate
  (use "git rebase --edit-todo" to view and edit)
  (fix conflicts and then run "git rebase --continue")
  (use "git rebase --skip" to skip this patch)
  (use "git rebase --abort" to check out the original branch)

Unmerged paths:
  (use "git restore --staged <file>..." to unstage)
  (use "git add <file>..." to mark resolution)
        both modified:   git_tutorials/git_tutorial.ipynb

no changes added to commit (use "git add" and/or "git commit -a")
PS C:\Users\noall\OneDrive\Documents\GitHub\gradient_nbs> git add -A
PS C:\Users\noall\OneDrive\Documents\GitHub\gradient_nbs> git commit -m "rebased"
interactive rebase in progress; onto c478523
Last commands done (5 commands done):
   pick b867439 3 + 5
  (see more in file .git/rebase-merge/done)
Next commands to do (2 remaining commands):
   pick 2516f67 refactor
   pick 634c867 iterate
  (use "git rebase --edit-todo" to view and edit)
  (all conflicts fixed: run "git rebase --continue")

PS C:\Users\noall\OneDrive\Documents\GitHub\gradient_nbs> git checkout master
Warning: you are leaving 4 commits behind, not connected to
any of your branches:

  6ca015d 3 + 5
  06da393 3 + 3
  c15fa4b experimental message
  2a01598 experimental branch

to do so with:

 git branch <new-branch-name> 6ca015d
Switched to branch 'master'
Your branch is up to date with 'origin/master'.
Merge made by the 'recursive' strategy.
 git_tutorials/git_tutorial.ipynb | 31 ++++++++++++++++++++++++++++++-
 git_tutorials/refactor.py        |  3 +++
 create mode 100644 git_tutorials/refactor.py
PS C:\Users\noall\OneDrive\Documents\GitHub\gradient_nbs> git push --delete origin refactor
To https://github.com/noallynoclan/gradient_nbs.git
 - [deleted]         refactor
PS C:\Users\noall\OneDrive\Documents\GitHub\gradient_nbs> git push
Enumerating objects: 15, done.
Counting objects: 100% (15/15), done.
Delta compression using up to 16 threads
Compressing objects: 100% (9/9), done.
Total 11 (delta 3), reused 0 (delta 0), pack-reused 0
remote: Resolving deltas: 100% (3/3), completed with 1 local object.
To https://github.com/noallynoclan/gradient_nbs.git
   c478523..44be87f  master -> master
PS C:\Users\noall\OneDrive\Documents\GitHub\gradient_nbs> git branch
  experimental
* master
  refactor
PS C:\Users\noall\OneDrive\Documents\GitHub\gradient_nbs> git checkout experimental    
Your branch is up to date with 'origin/experimental'.
PS C:\Users\noall\OneDrive\Documents\GitHub\gradient_nbs> git branch
  master
PS C:\Users\noall\OneDrive\Documents\GitHub\gradient_nbs> git rebase experimental
fatal: It seems that there is already a rebase-merge directory, and
I wonder if you are in the middle of another rebase.  If that is the
case, please try
        git rebase (--continue | --abort | --skip)
If that is not the case, please
        rm -fr ".git/rebase-merge"
and run me again.  I am stopping in case you still have something

PS C:\Users\noall\OneDrive\Documents\GitHub\gradient_nbs> git rebase master
fatal: It seems that there is already a rebase-merge directory, and
case, please try
        git rebase (--continue | --abort | --skip)
If that is not the case, please
and run me again.  I am stopping in case you still have something
valuable there.

PS C:\Users\noall\OneDrive\Documents\GitHub\gradient_nbs> git checkout master
Switched to branch 'master'
Your branch is up to date with 'origin/master'.
PS C:\Users\noall\OneDrive\Documents\GitHub\gradient_nbs> git push
Everything up-to-date
PS C:\Users\noall\OneDrive\Documents\GitHub\gradient_nbs> git rebase --continue
error: could not apply 2516f67... refactor
Resolve all conflicts manually, mark them as resolved with
"git add/rm <conflicted_files>", then run "git rebase --continue".
You can instead skip this commit: run "git rebase --skip".
To abort and get back to the state before "git rebase", run "git rebase --abort".
Could not apply 2516f67... refactor
CONFLICT (add/add): Merge conflict in git_tutorials/refactor.py
Auto-merging git_tutorials/refactor.py
PS C:\Users\noall\OneDrive\Documents\GitHub\gradient_nbs> git rebase --continue
git_tutorials/refactor.py: needs merge
You must edit all merge conflicts and then
mark them as resolved using git add
























[master ee8f990] refactor
error: could not apply 634c867... iterate
Resolve all conflicts manually, mark them as resolved with
"git add/rm <conflicted_files>", then run "git rebase --continue".
You can instead skip this commit: run "git rebase --skip".
To abort and get back to the state before "git rebase", run "git rebase --abort".
Could not apply 634c867... iterate
Auto-merging git_tutorials/refactor.py
CONFLICT (content): Merge conflict in git_tutorials/refactor.py
PS C:\Users\noall\OneDrive\Documents\GitHub\gradient_nbs> git push   
Enumerating objects: 7, done.
Counting objects: 100% (7/7), done.
Delta compression using up to 16 threads
Compressing objects: 100% (3/3), done.
Writing objects: 100% (4/4), 350 bytes | 350.00 KiB/s, done.
Total 4 (delta 2), reused 0 (delta 0), pack-reused 0
remote: Resolving deltas: 100% (2/2), completed with 2 local objects.
To https://github.com/noallynoclan/gradient_nbs.git
   44be87f..ee8f990  master -> master
PS C:\Users\noall\OneDrive\Documents\GitHub\gradient_nbs> git branch
  refactor
PS C:\Users\noall\OneDrive\Documents\GitHub\gradient_nbs> git push --delete origin refactor
error: failed to push some refs to 'https://github.com/noallynoclan/gradient_nbs.git'
PS C:\Users\noall\OneDrive\Documents\GitHub\gradient_nbs> git status
On branch master
Your branch is up to date with 'origin/master'.

Last commands done (7 commands done):
   pick 2516f67 refactor
   pick 634c867 iterate
  (see more in file .git/rebase-merge/done)
You are currently rebasing branch 'refactor' on 'c478523'.
  (fix conflicts and then run "git rebase --continue")
  (use "git rebase --skip" to skip this patch)
  (use "git rebase --abort" to check out the original branch)

Unmerged paths:
  (use "git restore --staged <file>..." to unstage)
  (use "git add <file>..." to mark resolution)
        both modified:   git_tutorials/refactor.py

no changes added to commit (use "git add" and/or "git commit -a")
PS C:\Users\noall\OneDrive\Documents\GitHub\gradient_nbs> git add -A
PS C:\Users\noall\OneDrive\Documents\GitHub\gradient_nbs> git commit -m "changed refactor"
 1 file changed, 4 insertions(+)
PS C:\Users\noall\OneDrive\Documents\GitHub\gradient_nbs> git push
Enumerating objects: 7, done.
Delta compression using up to 16 threads
Compressing objects: 100% (4/4), done.
Total 4 (delta 2), reused 0 (delta 0), pack-reused 0
remote: Resolving deltas: 100% (2/2), completed with 2 local objects.
   ee8f990..26594ef  master -> master
PS C:\Users\noall\OneDrive\Documents\GitHub\gradient_nbs> git status
Your branch is up to date with 'origin/master'.

   pick 2516f67 refactor
   pick 634c867 iterate
  (see more in file .git/rebase-merge/done)
No commands remaining.
You are currently editing a commit while rebasing branch 'refactor' on 'c478523'.
  (use "git commit --amend" to amend the current commit)
  (use "git rebase --continue" once you are satisfied with your changes)

nothing to commit, working tree clean
* master
PS C:\Users\noall\OneDrive\Documents\GitHub\gradient_nbs> git branch --delete origin refactor
error: branch 'origin' not found.
Deleted branch refactor (was 634c867).
PS C:\Users\noall\OneDrive\Documents\GitHub\gradient_nbs> git branch
  experimental
PS C:\Users\noall\OneDrive\Documents\GitHub\gradient_nbs> git checkout experimental
Switched to branch 'experimental'
PS C:\Users\noall\OneDrive\Documents\GitHub\gradient_nbs> git branch
  master
PS C:\Users\noall\OneDrive\Documents\GitHub\gradient_nbs> git rebase master
I wonder if you are in the middle of another rebase.  If that is the
case, please try
        git rebase (--continue | --abort | --skip)
        rm -fr ".git/rebase-merge"
and run me again.  I am stopping in case you still have something
valuable there.

PS C:\Users\noall\OneDrive\Documents\GitHub\gradient_nbs> git rebase --abort
PS C:\Users\noall\OneDrive\Documents\GitHub\gradient_nbs> git rebase master
PS C:\Users\noall\OneDrive\Documents\GitHub\gradient_nbs> git push
To push the current branch and set the remote as upstream, use


Switched to branch 'master'
PS C:\Users\noall\OneDrive\Documents\GitHub\gradient_nbs> git merge experimental
To https://github.com/noallynoclan/gradient_nbs.git
 - [deleted]         experimental
  experimental
  refactor
unknown option: -d
usage: git [--version] [--help] [-C <path>] [-c <name>=<value>]
           [--exec-path[=<path>]] [--html-path] [--man-path] [--info-path]
           [-p | --paginate | -P | --no-pager] [--no-replace-objects] [--bare]
           [--git-dir=<path>] [--work-tree=<path>] [--namespace=<name>]
           <command> [<args>]
PS C:\Users\noall\OneDrive\Documents\GitHub\gradient_nbs> git branch -d refactor
Deleted branch refactor (was 26594ef).
* master
PS C:\Users\noall\OneDrive\Documents\GitHub\gradient_nbs> git push
Everything up-to-date
Deleted branch experimental (was 3ca0651).
PS C:\Users\noall\OneDrive\Documents\GitHub\gradient_nbs> git branch
* master
PS C:\Users\noall\OneDrive\Documents\GitHub\gradient_nbs> git branch why-not
PS C:\Users\noall\OneDrive\Documents\GitHub\gradient_nbs> git branch
* master
  why-not
PS C:\Users\noall\OneDrive\Documents\GitHub\gradient_nbs> git branch -d why-not
Deleted branch why-not (was 26594ef).
* master
Your branch is up to date with 'origin/master'.

  (use "git add <file>..." to include in what will be committed)
        git_tutorials/why_not.py

nothing added to commit but untracked files present (use "git add" to track)
PS C:\Users\noall\OneDrive\Documents\GitHub\gradient_nbs> git add -A
PS C:\Users\noall\OneDrive\Documents\GitHub\gradient_nbs> git commit -m "added why-not"
[master 1031b25] added why-not
 1 file changed, 1 insertion(+)
PS C:\Users\noall\OneDrive\Documents\GitHub\gradient_nbs> git push
Counting objects: 100% (6/6), done.
Delta compression using up to 16 threads
Writing objects: 100% (4/4), 344 bytes | 344.00 KiB/s, done.
Total 4 (delta 2), reused 0 (delta 0), pack-reused 0
remote: Resolving deltas: 100% (2/2), completed with 2 local objects.
To https://github.com/noallynoclan/gradient_nbs.git
   26594ef..1031b25  master -> master
PS C:\Users\noall\OneDrive\Documents\GitHub\gradient_nbs> git branch
* master
PS C:\Users\noall\OneDrive\Documents\GitHub\gradient_nbs> git branch
* master
  why-not
PS C:\Users\noall\OneDrive\Documents\GitHub\gradient_nbs> bit checkout why-not
if a path was included, verify that the path is correct and try again.
At line:1 char:1
+ bit checkout why-not
+ ~~~
    + CategoryInfo          : ObjectNotFound: (bit:String) [], CommandNotFoundException
 
PS C:\Users\noall\OneDrive\Documents\GitHub\gradient_nbs> git checkout why-not
Switched to branch 'why-not'
PS C:\Users\noall\OneDrive\Documents\GitHub\gradient_nbs> git branch
  master
* why-not
PS C:\Users\noall\OneDrive\Documents\GitHub\gradient_nbs> git status
Changes not staged for commit:
  (use "git add <file>..." to update what will be committed)
        modified:   git_tutorials/why_not.py

no changes added to commit (use "git add" and/or "git commit -a")
PS C:\Users\noall\OneDrive\Documents\GitHub\gradient_nbs> git commin -a -m "why-not add line"
git: 'commin' is not a git command. See 'git --help'.

The most similar command is
commit 1031b25121f51ad1b5f55426ee8522c2b06666ef (HEAD -> why-not, origin/master, origin/HEAD, master)
Author: Alex Ozerov <noallynoclan@gmail.com>

    added why-not
PS C:\Users\noall\OneDrive\Documents\GitHub\gradient_nbs> git fetch
remote: Enumerating objects: 7, done.
remote: Counting objects: 100% (7/7), done.
remote: Compressing objects: 100% (1/1), done.
remote: Total 4 (delta 2), reused 4 (delta 2), pack-reused 0
Unpacking objects: 100% (4/4), 320 bytes | 18.00 KiB/s, done.
   1031b25..30c462c  master     -> origin/master
PS C:\Users\noall\OneDrive\Documents\GitHub\gradient_nbs> git rebase origin/master
error: cannot rebase: You have unstaged changes.
error: Please commit or stash them.
PS C:\Users\noall\OneDrive\Documents\GitHub\gradient_nbs> git status
On branch why-not
Changes not staged for commit:
  (use "git add <file>..." to update what will be committed)
  (use "git restore <file>..." to discard changes in working directory)
        modified:   git_tutorials/why_not.py

no changes added to commit (use "git add" and/or "git commit -a")
PS C:\Users\noall\OneDrive\Documents\GitHub\gradient_nbs> git add -A
PS C:\Users\noall\OneDrive\Documents\GitHub\gradient_nbs> git commit -m "some changes"
[why-not ceb250e] some changes

























[detached HEAD 3756af4] some changes
 1 file changed, 1 insertion(+), 1 deletion(-)
Successfully rebased and updated refs/heads/why-not.
PS C:\Users\noall\OneDrive\Documents\GitHub\gradient_nbs> git log --graph --oneline
* 30c462c (origin/master, origin/HEAD) why-not master
* 1031b25 (master) added why-not
* 26594ef changed refactor
* ee8f990 refactor
*   44be87f Merge branch 'refactor' into master
| * 634c867 iterate
| * 2516f67 refactor
| *   3ca0651 solved
| |\
| | *   b21913f Merge branch 'experimental' of https://github.com/noallynoclan/gradient_nbs into experimental
| | |\
| | * | 51e1e35 3 + 4
| * | | b867439 3 + 5
| | |/
| |/|
| * | 4cbe966 Merge branch 'experimental' of https://github.com/noallynoclan/gradient_nbs into experimental
| |\|
| | * be77b5c 3 + 3
| * | 74c168c experimental message
| * f128596 experimental branch
* | c478523 changing master
* 723eda4 made some changes
PS C:\Users\noall\OneDrive\Documents\GitHub\gradient_nbs> git push
To push the current branch and set the remote as upstream, use

    git push --set-upstream origin why-not
PS C:\Users\noall\OneDrive\Documents\GitHub\gradient_nbs> git push -u origin why-not
Enumerating objects: 7, done.
Counting objects: 100% (7/7), done.
Delta compression using up to 16 threads
Writing objects: 100% (4/4), 343 bytes | 343.00 KiB/s, done.
Total 4 (delta 2), reused 0 (delta 0), pack-reused 0
remote:
remote: Create a pull request for 'why-not' on GitHub by visiting:
remote:      https://github.com/noallynoclan/gradient_nbs/pull/new/why-not
To https://github.com/noallynoclan/gradient_nbs.git
Branch 'why-not' set up to track remote branch 'why-not' from 'origin'.
PS C:\Users\noall\OneDrive\Documents\GitHub\gradient_nbs> git push --delete origin why-not     
 - [deleted]         why-not
  master
PS C:\Users\noall\OneDrive\Documents\GitHub\gradient_nbs> git checkout master
Switched to branch 'master'
Your branch is behind 'origin/master' by 1 commit, and can be fast-forwarded.
  (use "git pull" to update your local branch)
Updating 1031b25..30c462c
Fast-forward
 git_tutorials/why_not.py | 3 ++-
 1 file changed, 2 insertions(+), 1 deletion(-)
error: The branch 'why-not' is not fully merged.
PS C:\Users\noall\OneDrive\Documents\GitHub\gradient_nbs> git checkout why-not
Your branch is based on 'origin/why-not', but the upstream is gone.
PS C:\Users\noall\OneDrive\Documents\GitHub\gradient_nbs> git rebase master
PS C:\Users\noall\OneDrive\Documents\GitHub\gradient_nbs> git checkout master
Switched to branch 'master'
Your branch is up to date with 'origin/master'.
PS C:\Users\noall\OneDrive\Documents\GitHub\gradient_nbs> git branch -D why-not
Deleted branch why-not (was 3756af4).
PS C:\Users\noall\OneDrive\Documents\GitHub\gradient_nbs> git branch
* master
PS C:\Users\noall\OneDrive\Documents\GitHub\gradient_nbs> git status
On branch master

nothing to commit, working tree clean
PS C:\Users\noall\OneDrive\Documents\GitHub\gradient_nbs> git status
On branch master
Your branch is up to date with 'origin/master'.
nothing to commit, working tree clean
PS C:\Users\noall\OneDrive\Documents\GitHub\gradient_nbs> git rm master.py
fatal: pathspec 'master.py' did not match any files
PS C:\Users\noall\OneDrive\Documents\GitHub\gradient_nbs> git rm git_tutorials/master.py
rm 'git_tutorials/master.py'
PS C:\Users\noall\OneDrive\Documents\GitHub\gradient_nbs> git rm git_tutorials/refactor.py
rm 'git_tutorials/refactor.py'
PS C:\Users\noall\OneDrive\Documents\GitHub\gradient_nbs> git rm git_tutorials/why_not.py
rm 'git_tutorials/why_not.py'
PS C:\Users\noall\OneDrive\Documents\GitHub\gradient_nbs> git status
On branch master
Your branch is up to date with 'origin/master'.

Changes to be committed:
  (use "git restore --staged <file>..." to unstage)
        deleted:    git_tutorials/master.py
        deleted:    git_tutorials/refactor.py
        deleted:    git_tutorials/why_not.py

PS C:\Users\noall\OneDrive\Documents\GitHub\gradient_nbs> git commit -m "deletef files"
[master 504fe58] deletef files
 3 files changed, 10 deletions(-)
 delete mode 100644 git_tutorials/master.py
 delete mode 100644 git_tutorials/refactor.py
 delete mode 100644 git_tutorials/why_not.py
PS C:\Users\noall\OneDrive\Documents\GitHub\gradient_nbs> git push
Enumerating objects: 5, done.
Counting objects: 100% (5/5), done.
Delta compression using up to 16 threads
Compressing objects: 100% (2/2), done.
Writing objects: 100% (3/3), 307 bytes | 307.00 KiB/s, done.
Total 3 (delta 1), reused 0 (delta 0), pack-reused 0
remote: Resolving deltas: 100% (1/1), completed with 1 local object.
To https://github.com/noallynoclan/gradient_nbs.git
   30c462c..504fe58  master -> master
PS C:\Users\noall\OneDrive\Documents\GitHub\gradient_nbs>